<html>
<body>
<pre>
<h1>µVision Build Log</h1>
<h2>Tool Versions:</h2>
IDE-Version: µVision V5.15
Copyright (C) 2015 ARM Ltd and ARM Germany GmbH. All rights reserved.
License Information: rg sf, sdfsdfsdf, LIC=DSNLQ-NAT1A-TJZ6H-WQFCF-D7AGF-59RIN
 
Tool Versions:
Toolchain:       MDK-ARM Professional  Version: 5.15.0
Toolchain Path:  C:\Keil_v5\ARM\ARMCC\Bin
C Compiler:      Armcc.exe V5.05 update 2 (build 169)
Assembler:       Armasm.exe V5.05 update 2 (build 169)
Linker/Locator:  ArmLink.exe V5.05 update 2 (build 169)
Library Manager: ArmAr.exe V5.05 update 2 (build 169)
Hex Converter:   FromElf.exe V5.05 update 2 (build 169)
CPU DLL:         SARMCM3.DLL V5.15.0
Dialog DLL:      DARMCM1.DLL V1.12.0.0
Target DLL:      STLink\ST-LINKIII-KEIL_SWO.dll V2.0.15.0_KEIL
Dialog DLL:      TARMCM1.DLL V1.9.0.0
 
<h2>Project:</h2>
F:\Project\induction sealing machine\STM32F0_project\project.uvprojx
Project File Date:  08/19/2015

<h2>Output:</h2>
*** Using Compiler 'V5.05 update 2 (build 169)', folder: 'C:\Keil_v5\ARM\ARMCC\Bin'
Build target 'User'
compiling main.c...
linking...
Program Size: Code=4528 RO-data=212 RW-data=108 ZI-data=1652  
".\Objects\project.axf" - 0 Error(s), 0 Warning(s).

<h2>Software Packages used:</h2>

Package Vendor: ARM
                http://www.keil.com/pack/ARM.CMSIS.4.3.0.pack
                ARM::CMSIS:CORE:4.1.0
                CMSIS (Cortex Microcontroller Software Interface Standard)
   * Component: CORE Version: 4.1.0
   * Component: DSP Version: 1.4.5

Package Vendor: Keil
                http://www.keil.com/pack/Keil.STM32F0xx_DFP.1.4.0.pack
                Keil::Device:Startup:1.5.0
                STMicroelectronics STM32F0 Series Device Support and Examples
   * Component: Startup Version: 1.5.0

<h2>Collection of Component include folders:</h2>
  F:\Project\induction sealing machine\STM32F0_project\RTE
  C:\Keil_v5\ARM\PACK\ARM\CMSIS\4.3.0\CMSIS\Include
  C:\Keil_v5\ARM\PACK\Keil\STM32F0xx_DFP\1.4.0\Device\Include

<h2>Collection of Component Files used:</h2>

   * Component: ARM::CMSIS:CORE:4.1.0

   * Component: ARM::CMSIS:DSP:1.4.5
      Include file:  CMSIS\Include\arm_math.h
      Library file:  CMSIS\Lib\ARM\arm_cortexM0l_math.lib

   * Component: Keil::Device:Startup:1.5.0
      Source file:   Device\Source\ARM\startup_stm32f030.s
      Source file:   Device\Source\system_stm32f0xx.c
      Source file:   Device\Source\ARM\STM32F0xx_OPT.s
</pre>
</body>
</html>
